
============================================================
[AUTO-GA] Starting: exp_same_equal_v2
Command: C:\Users\perve\AppData\Local\Programs\Python\Python313\python.exe C:\Users\perve\Desktop\Algoritmet-e-inspiruara-nga-natyra\AA_25-26-main\AA_25-26-main\ga_experiment.py --runs 10 --total-time 5100.0 --time-buffer 0 --population-size 50 --mutation-rate 0.30 --stagnation-limit 20 --min-runtime-before-stop 0 --max-instance-time 300.0 --clean-output --experiment-name exp_same_equal_v2 --profile single --time-profile equal
============================================================
Run 1 | australia_iptv.json | time=300.0s | left=5100.0s
Run 1 | canada_pw.json | time=300.0s | left=5078.8s
Run 1 | china_pw.json | time=300.0s | left=5065.9s
Run 1 | croatia_tv_input.json | time=300.0s | left=5048.7s
Run 1 | france_iptv.json | time=300.0s | left=5046.7s
Run 1 | germany_tv_input.json | time=300.0s | left=4993.6s
Run 1 | kosovo_tv_input.json | time=300.0s | left=4992.1s
Run 1 | netherlands_tv_input.json | time=300.0s | left=4990.3s
Run 1 | singapore_pw.json | time=300.0s | left=4988.5s
Run 1 | spain_iptv.json | time=300.0s | left=4983.9s
Run 1 | toy.json | time=300.0s | left=4971.9s
Run 1 | uk_iptv.json | time=300.0s | left=4971.6s
Run 1 | uk_tv_input.json | time=300.0s | left=4951.3s
Run 1 | usa_tv_input.json | time=300.0s | left=4948.9s
Run 1 | us_iptv.json | time=300.0s | left=4938.3s
Run 1 | youtube_gold.json | time=300.0s | left=4873.2s
Run 1 | youtube_premium.json | time=300.0s | left=4572.8s
Run 2 | australia_iptv.json | time=300.0s | left=5100.0s
Run 2 | canada_pw.json | time=300.0s | left=5081.0s
Run 2 | china_pw.json | time=300.0s | left=5068.2s
Run 2 | croatia_tv_input.json | time=300.0s | left=5057.3s
Run 2 | france_iptv.json | time=300.0s | left=5056.1s
Run 2 | germany_tv_input.json | time=300.0s | left=5029.4s
Run 2 | kosovo_tv_input.json | time=300.0s | left=5028.5s
Run 2 | netherlands_tv_input.json | time=300.0s | left=5027.3s
Run 2 | singapore_pw.json | time=300.0s | left=5026.0s
Run 2 | spain_iptv.json | time=300.0s | left=5021.9s
Run 2 | toy.json | time=300.0s | left=5011.6s
Run 2 | uk_iptv.json | time=300.0s | left=5011.4s
Run 2 | uk_tv_input.json | time=300.0s | left=4992.2s
Run 2 | usa_tv_input.json | time=300.0s | left=4990.3s
Run 2 | us_iptv.json | time=300.0s | left=4983.5s
Run 2 | youtube_gold.json | time=300.0s | left=4947.5s
Run 2 | youtube_premium.json | time=300.0s | left=4646.8s
Run 3 | australia_iptv.json | time=300.0s | left=5100.0s
Run 3 | canada_pw.json | time=300.0s | left=5042.6s
Run 3 | china_pw.json | time=300.0s | left=5020.6s
Run 3 | croatia_tv_input.json | time=300.0s | left=4996.6s
Run 3 | france_iptv.json | time=300.0s | left=4994.8s
Run 3 | germany_tv_input.json | time=300.0s | left=4948.2s
Run 3 | kosovo_tv_input.json | time=300.0s | left=4946.9s
Run 3 | netherlands_tv_input.json | time=300.0s | left=4945.3s
Run 3 | singapore_pw.json | time=300.0s | left=4943.4s
Run 3 | spain_iptv.json | time=300.0s | left=4935.8s
Run 3 | toy.json | time=300.0s | left=4922.5s
Run 3 | uk_iptv.json | time=300.0s | left=4922.1s
Run 3 | uk_tv_input.json | time=300.0s | left=4900.9s
Run 3 | usa_tv_input.json | time=300.0s | left=4898.2s
Run 3 | us_iptv.json | time=300.0s | left=4881.9s
Run 3 | youtube_gold.json | time=300.0s | left=4776.1s
Run 3 | youtube_premium.json | time=300.0s | left=4475.5s
Run 4 | australia_iptv.json | time=300.0s | left=5100.0s
Run 4 | canada_pw.json | time=300.0s | left=5040.5s
Run 4 | china_pw.json | time=300.0s | left=5002.6s
Run 4 | croatia_tv_input.json | time=300.0s | left=4969.9s
Run 4 | france_iptv.json | time=300.0s | left=4966.8s
Run 4 | germany_tv_input.json | time=300.0s | left=4885.6s
Run 4 | kosovo_tv_input.json | time=300.0s | left=4883.2s
Run 4 | netherlands_tv_input.json | time=300.0s | left=4880.5s
Run 4 | singapore_pw.json | time=300.0s | left=4877.0s
Run 4 | spain_iptv.json | time=300.0s | left=4866.5s
Run 4 | toy.json | time=300.0s | left=4840.2s
Run 4 | uk_iptv.json | time=300.0s | left=4839.6s
Run 4 | uk_tv_input.json | time=300.0s | left=4809.8s
Run 4 | usa_tv_input.json | time=300.0s | left=4806.2s
Run 4 | us_iptv.json | time=300.0s | left=4788.2s
Run 4 | youtube_gold.json | time=300.0s | left=4703.5s
Run 4 | youtube_premium.json | time=300.0s | left=4402.9s
Run 5 | australia_iptv.json | time=300.0s | left=5100.0s
Run 5 | canada_pw.json | time=300.0s | left=5057.3s
Run 5 | china_pw.json | time=300.0s | left=5027.4s
Run 5 | croatia_tv_input.json | time=300.0s | left=5000.0s
Run 5 | france_iptv.json | time=300.0s | left=4997.3s
Run 5 | germany_tv_input.json | time=300.0s | left=4916.1s
Run 5 | kosovo_tv_input.json | time=300.0s | left=4913.2s
Run 5 | netherlands_tv_input.json | time=300.0s | left=4909.6s
Run 5 | singapore_pw.json | time=300.0s | left=4906.0s
Run 5 | spain_iptv.json | time=300.0s | left=4897.6s
Run 5 | toy.json | time=300.0s | left=4876.1s
Run 5 | uk_iptv.json | time=300.0s | left=4875.5s
Run 5 | uk_tv_input.json | time=300.0s | left=4849.1s
Run 5 | usa_tv_input.json | time=300.0s | left=4845.2s
Run 5 | us_iptv.json | time=300.0s | left=4828.4s
Run 5 | youtube_gold.json | time=300.0s | left=4735.6s
Run 5 | youtube_premium.json | time=300.0s | left=4435.0s
Run 6 | australia_iptv.json | time=300.0s | left=5100.0s
Run 6 | canada_pw.json | time=300.0s | left=5050.4s
Run 6 | china_pw.json | time=300.0s | left=5011.0s
Run 6 | croatia_tv_input.json | time=300.0s | left=4977.9s
Run 6 | france_iptv.json | time=300.0s | left=4975.0s
Run 6 | germany_tv_input.json | time=300.0s | left=4881.3s
Run 6 | kosovo_tv_input.json | time=300.0s | left=4878.7s
Run 6 | netherlands_tv_input.json | time=300.0s | left=4875.5s
Run 6 | singapore_pw.json | time=300.0s | left=4872.2s
Run 6 | spain_iptv.json | time=300.0s | left=4854.2s
Run 6 | toy.json | time=300.0s | left=4824.8s
Run 6 | uk_iptv.json | time=300.0s | left=4824.3s
Run 6 | uk_tv_input.json | time=300.0s | left=4775.7s
Run 6 | usa_tv_input.json | time=300.0s | left=4771.8s
Run 6 | us_iptv.json | time=300.0s | left=4754.0s
Run 6 | youtube_gold.json | time=300.0s | left=4645.2s
Run 6 | youtube_premium.json | time=300.0s | left=4344.6s
Run 7 | australia_iptv.json | time=300.0s | left=5100.0s
Run 7 | canada_pw.json | time=300.0s | left=5046.8s
Run 7 | china_pw.json | time=300.0s | left=5008.4s
Run 7 | croatia_tv_input.json | time=300.0s | left=4976.8s
Run 7 | france_iptv.json | time=300.0s | left=4973.6s
Run 7 | germany_tv_input.json | time=300.0s | left=4902.2s
Run 7 | kosovo_tv_input.json | time=300.0s | left=4899.6s
Run 7 | netherlands_tv_input.json | time=300.0s | left=4896.4s
Run 7 | singapore_pw.json | time=300.0s | left=4892.8s
Run 7 | spain_iptv.json | time=300.0s | left=4881.7s
Run 7 | toy.json | time=300.0s | left=4856.6s
Run 7 | uk_iptv.json | time=300.0s | left=4856.0s
Run 7 | uk_tv_input.json | time=300.0s | left=4811.4s
Run 7 | usa_tv_input.json | time=300.0s | left=4807.1s
Run 7 | us_iptv.json | time=300.0s | left=4787.6s
Run 7 | youtube_gold.json | time=300.0s | left=4686.3s
Run 7 | youtube_premium.json | time=300.0s | left=4385.7s
Run 8 | australia_iptv.json | time=300.0s | left=5100.0s
Run 8 | canada_pw.json | time=300.0s | left=5044.6s
Run 8 | china_pw.json | time=300.0s | left=5007.5s
Run 8 | croatia_tv_input.json | time=300.0s | left=4978.9s
Run 8 | france_iptv.json | time=300.0s | left=4975.6s
Run 8 | germany_tv_input.json | time=300.0s | left=4888.7s
Run 8 | kosovo_tv_input.json | time=300.0s | left=4886.2s
Run 8 | netherlands_tv_input.json | time=300.0s | left=4883.0s
Run 8 | singapore_pw.json | time=300.0s | left=4879.5s
Run 8 | spain_iptv.json | time=300.0s | left=4868.4s
Run 8 | toy.json | time=300.0s | left=4841.6s
Run 8 | uk_iptv.json | time=300.0s | left=4841.0s
Run 8 | uk_tv_input.json | time=300.0s | left=4787.7s
Run 8 | usa_tv_input.json | time=300.0s | left=4783.2s
Run 8 | us_iptv.json | time=300.0s | left=4764.2s
Run 8 | youtube_gold.json | time=300.0s | left=4640.9s
Run 8 | youtube_premium.json | time=300.0s | left=4340.1s
Run 9 | australia_iptv.json | time=300.0s | left=5100.0s
Run 9 | canada_pw.json | time=300.0s | left=5050.8s
Run 9 | china_pw.json | time=300.0s | left=5018.9s
Run 9 | croatia_tv_input.json | time=300.0s | left=5001.3s
Run 9 | france_iptv.json | time=300.0s | left=4998.1s
Run 9 | germany_tv_input.json | time=300.0s | left=4946.7s
Run 9 | kosovo_tv_input.json | time=300.0s | left=4945.3s
Run 9 | netherlands_tv_input.json | time=300.0s | left=4943.7s
Run 9 | singapore_pw.json | time=300.0s | left=4942.0s
Run 9 | spain_iptv.json | time=300.0s | left=4935.4s
Run 9 | toy.json | time=300.0s | left=4922.9s
Run 9 | uk_iptv.json | time=300.0s | left=4922.6s
Run 9 | uk_tv_input.json | time=300.0s | left=4897.9s
Run 9 | usa_tv_input.json | time=300.0s | left=4895.2s
Run 9 | us_iptv.json | time=300.0s | left=4885.7s
Run 9 | youtube_gold.json | time=300.0s | left=4834.6s
Run 9 | youtube_premium.json | time=300.0s | left=4534.0s
Run 10 | australia_iptv.json | time=300.0s | left=5100.0s
Run 10 | canada_pw.json | time=300.0s | left=5078.3s
Run 10 | china_pw.json | time=300.0s | left=5064.8s
Run 10 | croatia_tv_input.json | time=300.0s | left=5052.5s
Run 10 | france_iptv.json | time=300.0s | left=5051.3s
Run 10 | germany_tv_input.json | time=300.0s | left=5013.9s
Run 10 | kosovo_tv_input.json | time=300.0s | left=5012.9s
Run 10 | netherlands_tv_input.json | time=300.0s | left=5011.7s
Run 10 | singapore_pw.json | time=300.0s | left=5010.4s
Run 10 | spain_iptv.json | time=300.0s | left=5006.9s
Run 10 | toy.json | time=300.0s | left=4999.1s
Run 10 | uk_iptv.json | time=300.0s | left=3709.6s
Run 10 | uk_tv_input.json | time=300.0s | left=3597.5s
Run 10 | usa_tv_input.json | time=300.0s | left=3586.4s
Run 10 | us_iptv.json | time=300.0s | left=3532.0s
Run 10 | youtube_gold.json | time=300.0s | left=3316.3s
Run 10 | youtube_premium.json | time=300.0s | left=3015.1s
Summary saved: C:\Users\perve\Desktop\Algoritmet-e-inspiruara-nga-natyra\AA_25-26-main\AA_25-26-main\data\output\genetic_algorithm\experiments\exp_same_equal_v2\summary.json

============================================================
[AUTO-GA] Starting: exp_tuned_equal_v2
Command: C:\Users\perve\AppData\Local\Programs\Python\Python313\python.exe C:\Users\perve\Desktop\Algoritmet-e-inspiruara-nga-natyra\AA_25-26-main\AA_25-26-main\ga_experiment.py --runs 10 --total-time 5100.0 --time-buffer 0 --population-size 50 --mutation-rate 0.30 --stagnation-limit 20 --min-runtime-before-stop 0 --max-instance-time 300.0 --clean-output --experiment-name exp_tuned_equal_v2 --profile tuned --time-profile equal
============================================================
Run 1 | australia_iptv.json | time=300.0s | left=5100.0s
Run 1 | canada_pw.json | time=300.0s | left=5096.5s
Run 1 | china_pw.json | time=300.0s | left=5087.4s
Run 1 | croatia_tv_input.json | time=300.0s | left=5044.9s
Run 1 | france_iptv.json | time=300.0s | left=5029.2s
Run 1 | germany_tv_input.json | time=300.0s | left=4729.0s
Run 1 | kosovo_tv_input.json | time=300.0s | left=4718.5s
Run 1 | netherlands_tv_input.json | time=300.0s | left=4707.3s
Run 1 | singapore_pw.json | time=300.0s | left=4700.6s
Run 1 | spain_iptv.json | time=300.0s | left=4686.2s
Run 1 | toy.json | time=300.0s | left=4677.6s
Run 1 | uk_iptv.json | time=300.0s | left=4676.5s
Run 1 | uk_tv_input.json | time=300.0s | left=4662.6s
Run 1 | usa_tv_input.json | time=300.0s | left=4654.5s
Run 1 | us_iptv.json | time=300.0s | left=4622.2s
Run 1 | youtube_gold.json | time=300.0s | left=4404.1s
Run 1 | youtube_premium.json | time=300.0s | left=4354.5s
Run 2 | australia_iptv.json | time=300.0s | left=5100.0s
Run 2 | canada_pw.json | time=300.0s | left=5097.8s
Run 2 | china_pw.json | time=300.0s | left=5095.8s
Run 2 | croatia_tv_input.json | time=300.0s | left=5085.0s
Run 2 | france_iptv.json | time=300.0s | left=5078.9s
Run 2 | germany_tv_input.json | time=300.0s | left=4877.3s
Run 2 | kosovo_tv_input.json | time=300.0s | left=4867.1s
Run 2 | netherlands_tv_input.json | time=300.0s | left=4860.5s
Run 2 | singapore_pw.json | time=300.0s | left=4853.8s
Run 2 | spain_iptv.json | time=300.0s | left=4831.9s
Run 2 | toy.json | time=300.0s | left=4821.4s
Run 2 | uk_iptv.json | time=300.0s | left=4820.3s
Run 2 | uk_tv_input.json | time=300.0s | left=4803.3s
Run 2 | usa_tv_input.json | time=300.0s | left=4794.0s
Run 2 | us_iptv.json | time=300.0s | left=4761.9s
Run 2 | youtube_gold.json | time=300.0s | left=4601.4s
Run 2 | youtube_premium.json | time=300.0s | left=4561.5s
Run 3 | australia_iptv.json | time=300.0s | left=5100.0s
Run 3 | canada_pw.json | time=300.0s | left=5097.8s
Run 3 | china_pw.json | time=300.0s | left=5095.7s
Run 3 | croatia_tv_input.json | time=300.0s | left=5080.7s
Run 3 | france_iptv.json | time=300.0s | left=5074.0s
Run 3 | germany_tv_input.json | time=300.0s | left=4922.9s
Run 3 | kosovo_tv_input.json | time=300.0s | left=4918.4s
Run 3 | netherlands_tv_input.json | time=300.0s | left=4912.5s
Run 3 | singapore_pw.json | time=300.0s | left=4905.9s
Run 3 | spain_iptv.json | time=300.0s | left=4887.9s
Run 3 | toy.json | time=300.0s | left=4879.6s
Run 3 | uk_iptv.json | time=300.0s | left=4878.5s
Run 3 | uk_tv_input.json | time=300.0s | left=4865.9s
Run 3 | usa_tv_input.json | time=300.0s | left=4857.2s
Run 3 | us_iptv.json | time=300.0s | left=4824.3s
Run 3 | youtube_gold.json | time=300.0s | left=4633.5s
Run 3 | youtube_premium.json | time=300.0s | left=4601.7s
Run 4 | australia_iptv.json | time=300.0s | left=5100.0s
Run 4 | canada_pw.json | time=300.0s | left=5097.9s
Run 4 | china_pw.json | time=300.0s | left=5095.2s
Run 4 | croatia_tv_input.json | time=300.0s | left=5083.9s
Run 4 | france_iptv.json | time=300.0s | left=5078.0s
Run 4 | germany_tv_input.json | time=300.0s | left=4912.1s
Run 4 | kosovo_tv_input.json | time=300.0s | left=4907.4s
Run 4 | netherlands_tv_input.json | time=300.0s | left=4901.7s
Run 4 | singapore_pw.json | time=300.0s | left=4895.6s
Run 4 | spain_iptv.json | time=300.0s | left=4873.1s
Run 4 | toy.json | time=300.0s | left=4862.9s
Run 4 | uk_iptv.json | time=300.0s | left=4861.5s
Run 4 | uk_tv_input.json | time=300.0s | left=4845.6s
Run 4 | usa_tv_input.json | time=300.0s | left=4836.3s
Run 4 | us_iptv.json | time=300.0s | left=4799.0s
Run 4 | youtube_gold.json | time=300.0s | left=4495.9s
Run 4 | youtube_premium.json | time=300.0s | left=4346.9s
Run 5 | australia_iptv.json | time=300.0s | left=5100.0s
Run 5 | canada_pw.json | time=300.0s | left=5097.5s
Run 5 | china_pw.json | time=300.0s | left=5095.2s
Run 5 | croatia_tv_input.json | time=300.0s | left=5081.9s
Run 5 | france_iptv.json | time=300.0s | left=5075.9s
Run 5 | germany_tv_input.json | time=300.0s | left=4906.9s
Run 5 | kosovo_tv_input.json | time=300.0s | left=4901.9s
Run 5 | netherlands_tv_input.json | time=300.0s | left=4896.0s
Run 5 | singapore_pw.json | time=300.0s | left=4889.5s
Run 5 | spain_iptv.json | time=300.0s | left=4868.5s
Run 5 | toy.json | time=300.0s | left=4858.5s
Run 5 | uk_iptv.json | time=300.0s | left=4857.2s
Run 5 | uk_tv_input.json | time=300.0s | left=4835.7s
Run 5 | usa_tv_input.json | time=300.0s | left=4825.4s
Run 5 | us_iptv.json | time=300.0s | left=4785.6s
Run 5 | youtube_gold.json | time=300.0s | left=4482.5s
Run 5 | youtube_premium.json | time=300.0s | left=4431.9s
Run 6 | australia_iptv.json | time=300.0s | left=5100.0s
Run 6 | canada_pw.json | time=300.0s | left=5092.8s
Run 6 | china_pw.json | time=300.0s | left=5086.0s
Run 6 | croatia_tv_input.json | time=300.0s | left=5044.4s
Run 6 | france_iptv.json | time=300.0s | left=5028.4s
Run 6 | germany_tv_input.json | time=300.0s | left=4763.8s
Run 6 | kosovo_tv_input.json | time=300.0s | left=4758.2s
Run 6 | netherlands_tv_input.json | time=300.0s | left=4751.4s
Run 6 | singapore_pw.json | time=300.0s | left=4743.6s
Run 6 | spain_iptv.json | time=300.0s | left=4706.0s
Run 6 | toy.json | time=300.0s | left=4696.4s
Run 6 | uk_iptv.json | time=300.0s | left=4694.9s
Run 6 | uk_tv_input.json | time=300.0s | left=4680.8s
Run 6 | usa_tv_input.json | time=300.0s | left=4670.4s
Run 6 | us_iptv.json | time=300.0s | left=4633.8s
Run 6 | youtube_gold.json | time=300.0s | left=4331.5s
Run 6 | youtube_premium.json | time=300.0s | left=4299.7s
Run 7 | australia_iptv.json | time=300.0s | left=5100.0s
Run 7 | canada_pw.json | time=300.0s | left=5097.2s
Run 7 | china_pw.json | time=300.0s | left=5094.5s
Run 7 | croatia_tv_input.json | time=300.0s | left=5079.0s
Run 7 | france_iptv.json | time=300.0s | left=5071.6s
Run 7 | germany_tv_input.json | time=300.0s | left=4926.6s
Run 7 | kosovo_tv_input.json | time=300.0s | left=4921.2s
Run 7 | netherlands_tv_input.json | time=300.0s | left=4915.0s
Run 7 | singapore_pw.json | time=300.0s | left=4908.0s
Run 7 | spain_iptv.json | time=300.0s | left=4887.0s
Run 7 | toy.json | time=300.0s | left=4871.9s
Run 7 | uk_iptv.json | time=300.0s | left=4870.8s
Run 7 | uk_tv_input.json | time=300.0s | left=4847.4s
Run 7 | usa_tv_input.json | time=300.0s | left=4836.0s
Run 7 | us_iptv.json | time=300.0s | left=4793.3s
Run 7 | youtube_gold.json | time=300.0s | left=4584.8s
Run 7 | youtube_premium.json | time=300.0s | left=4544.6s
Run 8 | australia_iptv.json | time=300.0s | left=5100.0s
Run 8 | canada_pw.json | time=300.0s | left=5097.1s
Run 8 | china_pw.json | time=300.0s | left=5095.2s
Run 8 | croatia_tv_input.json | time=300.0s | left=5081.5s
Run 8 | france_iptv.json | time=300.0s | left=5073.7s
Run 8 | germany_tv_input.json | time=300.0s | left=4869.3s
Run 8 | kosovo_tv_input.json | time=300.0s | left=4863.2s
Run 8 | netherlands_tv_input.json | time=300.0s | left=4855.3s
Run 8 | singapore_pw.json | time=300.0s | left=4846.5s
Run 8 | spain_iptv.json | time=300.0s | left=4822.3s
Run 8 | toy.json | time=300.0s | left=4812.4s
Run 8 | uk_iptv.json | time=300.0s | left=4811.4s
Run 8 | uk_tv_input.json | time=300.0s | left=4795.7s
Run 8 | usa_tv_input.json | time=300.0s | left=4785.9s
Run 8 | us_iptv.json | time=300.0s | left=4736.5s
Run 8 | youtube_gold.json | time=300.0s | left=4493.7s
Run 8 | youtube_premium.json | time=300.0s | left=4486.9s
Run 9 | australia_iptv.json | time=300.0s | left=5100.0s
Run 9 | canada_pw.json | time=300.0s | left=5099.5s
Run 9 | china_pw.json | time=300.0s | left=5099.0s
Run 9 | croatia_tv_input.json | time=300.0s | left=5095.9s
Run 9 | france_iptv.json | time=300.0s | left=5094.7s
Run 9 | germany_tv_input.json | time=300.0s | left=5065.1s
Run 9 | kosovo_tv_input.json | time=300.0s | left=5064.0s
Run 9 | netherlands_tv_input.json | time=300.0s | left=5062.7s
Run 9 | singapore_pw.json | time=300.0s | left=5061.4s
Run 9 | spain_iptv.json | time=300.0s | left=5056.1s
Run 9 | toy.json | time=300.0s | left=5054.4s
Run 9 | uk_iptv.json | time=300.0s | left=5054.2s
Run 9 | uk_tv_input.json | time=300.0s | left=5050.5s
Run 9 | usa_tv_input.json | time=300.0s | left=5048.6s
Run 9 | us_iptv.json | time=300.0s | left=5041.1s
Run 9 | youtube_gold.json | time=300.0s | left=4997.7s
Run 9 | youtube_premium.json | time=300.0s | left=4989.1s
Run 10 | australia_iptv.json | time=300.0s | left=5100.0s
Run 10 | canada_pw.json | time=300.0s | left=5099.5s
Run 10 | china_pw.json | time=300.0s | left=5099.0s
Run 10 | croatia_tv_input.json | time=300.0s | left=5096.1s
Run 10 | france_iptv.json | time=300.0s | left=5094.8s
Run 10 | germany_tv_input.json | time=300.0s | left=5054.1s
Run 10 | kosovo_tv_input.json | time=300.0s | left=5052.9s
Run 10 | netherlands_tv_input.json | time=300.0s | left=5051.2s
Run 10 | singapore_pw.json | time=300.0s | left=5049.5s
Run 10 | spain_iptv.json | time=300.0s | left=5043.2s
Run 10 | toy.json | time=300.0s | left=5040.8s
Run 10 | uk_iptv.json | time=300.0s | left=5040.6s
Run 10 | uk_tv_input.json | time=300.0s | left=5035.9s
Run 10 | usa_tv_input.json | time=300.0s | left=5033.3s
Run 10 | us_iptv.json | time=300.0s | left=5021.4s
Run 10 | youtube_gold.json | time=300.0s | left=4858.2s
Run 10 | youtube_premium.json | time=300.0s | left=4818.6s
Summary saved: C:\Users\perve\Desktop\Algoritmet-e-inspiruara-nga-natyra\AA_25-26-main\AA_25-26-main\data\output\genetic_algorithm\experiments\exp_tuned_equal_v2\summary.json

============================================================
[AUTO-GA] Starting: exp_tuned_equal_mutboost_v2
Command: C:\Users\perve\AppData\Local\Programs\Python\Python313\python.exe C:\Users\perve\Desktop\Algoritmet-e-inspiruara-nga-natyra\AA_25-26-main\AA_25-26-main\ga_experiment.py --runs 10 --total-time 5100.0 --time-buffer 0 --population-size 50 --mutation-rate 0.30 --stagnation-limit 20 --min-runtime-before-stop 0 --max-instance-time 300.0 --clean-output --experiment-name exp_tuned_equal_mutboost_v2 --profile tuned --time-profile equal
============================================================
Run 1 | australia_iptv.json | time=300.0s | left=5100.0s
Run 1 | canada_pw.json | time=300.0s | left=5097.4s
Run 1 | china_pw.json | time=300.0s | left=5095.1s
Run 1 | croatia_tv_input.json | time=300.0s | left=5080.3s
Run 1 | france_iptv.json | time=300.0s | left=5073.6s
Run 1 | germany_tv_input.json | time=300.0s | left=4843.0s
Run 1 | kosovo_tv_input.json | time=300.0s | left=4838.1s
Run 1 | netherlands_tv_input.json | time=300.0s | left=4832.5s
Run 1 | singapore_pw.json | time=300.0s | left=4826.0s
Run 1 | spain_iptv.json | time=300.0s | left=4812.2s
Run 1 | toy.json | time=300.0s | left=4501.0s
Run 1 | uk_iptv.json | time=300.0s | left=4500.5s
Run 1 | uk_tv_input.json | time=300.0s | left=4479.5s
Run 1 | usa_tv_input.json | time=300.0s | left=4464.0s
Run 1 | us_iptv.json | time=300.0s | left=4402.8s
Run 1 | youtube_gold.json | time=300.0s | left=4123.6s
Run 1 | youtube_premium.json | time=300.0s | left=4064.3s
Run 2 | australia_iptv.json | time=300.0s | left=5100.0s
Run 2 | canada_pw.json | time=300.0s | left=5096.5s
Run 2 | china_pw.json | time=300.0s | left=5093.6s
Run 2 | croatia_tv_input.json | time=300.0s | left=5079.5s
Run 2 | france_iptv.json | time=300.0s | left=5072.7s
Run 2 | germany_tv_input.json | time=300.0s | left=4887.0s
Run 2 | kosovo_tv_input.json | time=300.0s | left=4881.9s
Run 2 | netherlands_tv_input.json | time=300.0s | left=4875.5s
Run 2 | singapore_pw.json | time=300.0s | left=4868.3s
Run 2 | spain_iptv.json | time=300.0s | left=4839.6s
Run 2 | toy.json | time=300.0s | left=4826.9s
Run 2 | uk_iptv.json | time=300.0s | left=4825.6s
Run 2 | uk_tv_input.json | time=300.0s | left=4807.0s
Run 2 | usa_tv_input.json | time=300.0s | left=4796.6s
Run 2 | us_iptv.json | time=300.0s | left=4760.1s
Run 2 | youtube_gold.json | time=300.0s | left=4521.2s
Run 2 | youtube_premium.json | time=300.0s | left=4500.9s
Run 3 | australia_iptv.json | time=300.0s | left=5100.0s
Run 3 | canada_pw.json | time=300.0s | left=5099.1s
Run 3 | china_pw.json | time=300.0s | left=5098.3s
Run 3 | croatia_tv_input.json | time=300.0s | left=5093.7s
Run 3 | france_iptv.json | time=300.0s | left=5092.0s
Run 3 | germany_tv_input.json | time=300.0s | left=5013.4s
Run 3 | kosovo_tv_input.json | time=300.0s | left=5012.4s
Run 3 | netherlands_tv_input.json | time=300.0s | left=5011.2s
Run 3 | singapore_pw.json | time=300.0s | left=5009.9s
Run 3 | spain_iptv.json | time=300.0s | left=5005.4s
Run 3 | toy.json | time=300.0s | left=5003.4s
Run 3 | uk_iptv.json | time=300.0s | left=5003.1s
Run 3 | uk_tv_input.json | time=300.0s | left=5000.0s
Run 3 | usa_tv_input.json | time=300.0s | left=4998.2s
Run 3 | us_iptv.json | time=300.0s | left=4989.8s
Run 3 | youtube_gold.json | time=300.0s | left=4922.0s
Run 3 | youtube_premium.json | time=300.0s | left=4905.8s
Run 4 | australia_iptv.json | time=300.0s | left=5100.0s
Run 4 | canada_pw.json | time=300.0s | left=5099.5s
Run 4 | china_pw.json | time=300.0s | left=5098.8s
Run 4 | croatia_tv_input.json | time=300.0s | left=5095.7s
Run 4 | france_iptv.json | time=300.0s | left=5094.3s
Run 4 | germany_tv_input.json | time=300.0s | left=5046.1s
Run 4 | kosovo_tv_input.json | time=300.0s | left=5044.6s
Run 4 | netherlands_tv_input.json | time=300.0s | left=5043.0s
Run 4 | singapore_pw.json | time=300.0s | left=5041.2s
Run 4 | spain_iptv.json | time=300.0s | left=5035.9s
Run 4 | toy.json | time=300.0s | left=5033.5s
Run 4 | uk_iptv.json | time=300.0s | left=5033.2s
Run 4 | uk_tv_input.json | time=300.0s | left=5029.3s
Run 4 | usa_tv_input.json | time=300.0s | left=5027.0s
Run 4 | us_iptv.json | time=300.0s | left=5017.0s
Run 4 | youtube_gold.json | time=300.0s | left=4967.6s
Run 4 | youtube_premium.json | time=300.0s | left=4959.0s
Run 5 | australia_iptv.json | time=300.0s | left=5100.0s
Run 5 | canada_pw.json | time=300.0s | left=5099.4s
Run 5 | china_pw.json | time=300.0s | left=5098.7s
Run 5 | croatia_tv_input.json | time=300.0s | left=5094.0s
Run 5 | france_iptv.json | time=300.0s | left=5092.0s
Run 5 | germany_tv_input.json | time=300.0s | left=5038.1s
Run 5 | kosovo_tv_input.json | time=300.0s | left=5036.6s
Run 5 | netherlands_tv_input.json | time=300.0s | left=5034.8s
Run 5 | singapore_pw.json | time=300.0s | left=5032.9s
Run 5 | spain_iptv.json | time=300.0s | left=5027.5s
Run 5 | toy.json | time=300.0s | left=5024.9s
Run 5 | uk_iptv.json | time=300.0s | left=5024.6s
Run 5 | uk_tv_input.json | time=300.0s | left=5018.9s
Run 5 | usa_tv_input.json | time=300.0s | left=5016.3s
Run 5 | us_iptv.json | time=300.0s | left=5005.8s
Run 5 | youtube_gold.json | time=300.0s | left=4945.7s
Run 5 | youtube_premium.json | time=300.0s | left=4935.1s
Run 6 | australia_iptv.json | time=300.0s | left=5100.0s
Run 6 | canada_pw.json | time=300.0s | left=5099.0s
Run 6 | china_pw.json | time=300.0s | left=5098.1s
Run 6 | croatia_tv_input.json | time=300.0s | left=5093.5s
Run 6 | france_iptv.json | time=300.0s | left=5091.6s
Run 6 | germany_tv_input.json | time=300.0s | left=5034.2s
Run 6 | kosovo_tv_input.json | time=300.0s | left=5032.8s
Run 6 | netherlands_tv_input.json | time=300.0s | left=5031.0s
Run 6 | singapore_pw.json | time=300.0s | left=5029.0s
Run 6 | spain_iptv.json | time=300.0s | left=5018.3s
Run 6 | toy.json | time=300.0s | left=5015.2s
Run 6 | uk_iptv.json | time=300.0s | left=5014.8s
Run 6 | uk_tv_input.json | time=300.0s | left=5009.6s
Run 6 | usa_tv_input.json | time=300.0s | left=5006.6s
Run 6 | us_iptv.json | time=300.0s | left=4993.3s
Run 6 | youtube_gold.json | time=300.0s | left=4916.6s
Run 6 | youtube_premium.json | time=300.0s | left=4906.2s
Run 7 | australia_iptv.json | time=300.0s | left=5100.0s
Run 7 | canada_pw.json | time=300.0s | left=5099.0s
Run 7 | china_pw.json | time=300.0s | left=5097.9s
Run 7 | croatia_tv_input.json | time=300.0s | left=5092.1s
Run 7 | france_iptv.json | time=300.0s | left=5089.7s
Run 7 | germany_tv_input.json | time=300.0s | left=5042.2s
Run 7 | kosovo_tv_input.json | time=300.0s | left=5040.6s
Run 7 | netherlands_tv_input.json | time=300.0s | left=5038.6s
Run 7 | singapore_pw.json | time=300.0s | left=5036.3s
Run 7 | spain_iptv.json | time=300.0s | left=5029.6s
Run 7 | toy.json | time=300.0s | left=5024.1s
Run 7 | uk_iptv.json | time=300.0s | left=5023.7s
Run 7 | uk_tv_input.json | time=300.0s | left=5017.9s
Run 7 | usa_tv_input.json | time=300.0s | left=5015.1s
Run 7 | us_iptv.json | time=300.0s | left=5003.1s
Run 7 | youtube_gold.json | time=300.0s | left=4934.1s
Run 7 | youtube_premium.json | time=300.0s | left=4919.5s
Run 8 | australia_iptv.json | time=300.0s | left=5100.0s
Run 8 | canada_pw.json | time=300.0s | left=5098.7s
Run 8 | china_pw.json | time=300.0s | left=5098.0s
Run 8 | croatia_tv_input.json | time=300.0s | left=5093.2s
Run 8 | france_iptv.json | time=300.0s | left=5091.4s
Run 8 | germany_tv_input.json | time=300.0s | left=5035.4s
Run 8 | kosovo_tv_input.json | time=300.0s | left=5033.9s
Run 8 | netherlands_tv_input.json | time=300.0s | left=5031.9s
Run 8 | singapore_pw.json | time=300.0s | left=5029.8s
Run 8 | spain_iptv.json | time=300.0s | left=5023.0s
Run 8 | toy.json | time=300.0s | left=5019.7s
Run 8 | uk_iptv.json | time=300.0s | left=5019.3s
Run 8 | uk_tv_input.json | time=300.0s | left=5014.7s
Run 8 | usa_tv_input.json | time=300.0s | left=5011.6s
Run 8 | us_iptv.json | time=300.0s | left=4999.7s
Run 8 | youtube_gold.json | time=300.0s | left=4875.0s
Run 8 | youtube_premium.json | time=300.0s | left=4849.7s
Run 9 | australia_iptv.json | time=300.0s | left=5100.0s
Run 9 | canada_pw.json | time=300.0s | left=5098.4s
Run 9 | china_pw.json | time=300.0s | left=5096.9s
Run 9 | croatia_tv_input.json | time=300.0s | left=5087.7s
Run 9 | france_iptv.json | time=300.0s | left=5083.1s
Run 9 | germany_tv_input.json | time=300.0s | left=4999.8s
Run 9 | kosovo_tv_input.json | time=300.0s | left=4997.1s
Run 9 | netherlands_tv_input.json | time=300.0s | left=4993.9s
Run 9 | singapore_pw.json | time=300.0s | left=4990.2s
Run 9 | spain_iptv.json | time=300.0s | left=4976.7s
Run 9 | toy.json | time=300.0s | left=4972.3s
Run 9 | uk_iptv.json | time=300.0s | left=4971.7s
Run 9 | uk_tv_input.json | time=300.0s | left=4961.3s
Run 9 | usa_tv_input.json | time=300.0s | left=4955.8s
Run 9 | us_iptv.json | time=300.0s | left=4935.5s
Run 9 | youtube_gold.json | time=300.0s | left=4829.5s
Run 9 | youtube_premium.json | time=300.0s | left=4808.6s
Run 10 | australia_iptv.json | time=300.0s | left=5100.0s
Run 10 | canada_pw.json | time=300.0s | left=5098.7s
Run 10 | china_pw.json | time=300.0s | left=5097.2s
Run 10 | croatia_tv_input.json | time=300.0s | left=5089.6s
Run 10 | france_iptv.json | time=300.0s | left=5086.6s
Run 10 | germany_tv_input.json | time=300.0s | left=4980.5s
Run 10 | kosovo_tv_input.json | time=300.0s | left=4977.6s
Run 10 | netherlands_tv_input.json | time=300.0s | left=4973.8s
Run 10 | singapore_pw.json | time=300.0s | left=4969.6s
Run 10 | spain_iptv.json | time=300.0s | left=4957.6s
Run 10 | toy.json | time=300.0s | left=4950.3s
Run 10 | uk_iptv.json | time=300.0s | left=4949.6s
Run 10 | uk_tv_input.json | time=300.0s | left=4938.6s
Run 10 | usa_tv_input.json | time=300.0s | left=4933.3s
Run 10 | us_iptv.json | time=300.0s | left=4910.5s
Run 10 | youtube_gold.json | time=300.0s | left=4795.5s
Run 10 | youtube_premium.json | time=300.0s | left=4770.7s
Summary saved: C:\Users\perve\Desktop\Algoritmet-e-inspiruara-nga-natyra\AA_25-26-main\AA_25-26-main\data\output\genetic_algorithm\experiments\exp_tuned_equal_mutboost_v2\summary.json

[AUTO-GA] Done. Total experiment runs: 30
[AUTO-GA] Per-instance time limit: 300.00 seconds
[AUTO-GA] Total time per run: 5100.00 seconds
[AUTO-GA] Worst-case time estimate: 42.50 hours
