Run 1 | australia_iptv.json | time=17.6s | left=300.0s
Run 1 | canada_pw.json | time=18.2s | left=290.9s
Run 1 | china_pw.json | time=18.6s | left=279.6s
Run 1 | croatia_tv_input.json | time=19.1s | left=267.8s
Run 1 | france_iptv.json | time=20.0s | left=259.9s
Run 1 | germany_tv_input.json | time=20.0s | left=239.6s
Run 1 | kosovo_tv_input.json | time=21.1s | left=231.6s
Run 1 | netherlands_tv_input.json | time=22.3s | left=223.1s
Run 1 | singapore_pw.json | time=23.8s | left=214.1s
Run 1 | spain_iptv.json | time=25.5s | left=203.9s
Run 1 | toy.json | time=27.5s | left=192.4s
Run 1 | uk_iptv.json | time=30.2s | left=181.3s
Run 1 | uk_tv_input.json | time=33.3s | left=166.4s
Run 1 | usa_tv_input.json | time=38.2s | left=153.0s
Run 1 | us_iptv.json | time=45.8s | left=137.3s
Run 1 | youtube_gold.json | time=57.5s | left=114.9s
Run 1 | youtube_premium.json | time=57.1s | left=57.1s
Run 2 | australia_iptv.json | time=17.6s | left=300.0s
Run 2 | canada_pw.json | time=18.0s | left=287.4s
Run 2 | china_pw.json | time=18.5s | left=277.2s
Run 2 | croatia_tv_input.json | time=19.1s | left=268.1s
Run 2 | france_iptv.json | time=20.0s | left=260.3s
Run 2 | germany_tv_input.json | time=20.0s | left=240.2s
Run 2 | kosovo_tv_input.json | time=21.1s | left=232.2s
Run 2 | netherlands_tv_input.json | time=22.4s | left=223.7s
Run 2 | singapore_pw.json | time=23.9s | left=214.7s
Run 2 | spain_iptv.json | time=25.6s | left=204.9s
Run 2 | toy.json | time=26.8s | left=187.7s
Run 2 | uk_iptv.json | time=29.5s | left=176.9s
Run 2 | uk_tv_input.json | time=31.9s | left=159.7s
Run 2 | usa_tv_input.json | time=36.7s | left=146.9s
Run 2 | us_iptv.json | time=43.9s | left=131.6s
Run 2 | youtube_gold.json | time=51.5s | left=103.0s
Run 2 | youtube_premium.json | time=51.0s | left=51.0s
Run 3 | australia_iptv.json | time=17.6s | left=300.0s
Run 3 | canada_pw.json | time=17.6s | left=282.3s
Run 3 | china_pw.json | time=18.2s | left=273.0s
Run 3 | croatia_tv_input.json | time=18.6s | left=260.5s
Run 3 | france_iptv.json | time=19.5s | left=253.0s
Run 3 | germany_tv_input.json | time=19.5s | left=233.4s
Run 3 | kosovo_tv_input.json | time=20.5s | left=225.6s
Run 3 | netherlands_tv_input.json | time=21.7s | left=217.3s
Run 3 | singapore_pw.json | time=23.2s | left=208.5s
Run 3 | spain_iptv.json | time=24.7s | left=198.0s
Run 3 | toy.json | time=25.9s | left=181.5s
Run 3 | uk_iptv.json | time=28.5s | left=171.1s
Run 3 | uk_tv_input.json | time=29.2s | left=146.2s
Run 3 | usa_tv_input.json | time=33.6s | left=134.5s
Run 3 | us_iptv.json | time=40.3s | left=121.0s
Run 3 | youtube_gold.json | time=43.7s | left=87.5s
Run 3 | youtube_premium.json | time=43.5s | left=43.5s
Run 4 | australia_iptv.json | time=17.6s | left=300.0s
Run 4 | canada_pw.json | time=17.6s | left=282.2s
Run 4 | china_pw.json | time=17.7s | left=266.0s
Run 4 | croatia_tv_input.json | time=18.3s | left=256.2s
Run 4 | france_iptv.json | time=19.1s | left=248.8s
Run 4 | germany_tv_input.json | time=19.1s | left=229.6s
Run 4 | kosovo_tv_input.json | time=20.2s | left=221.8s
Run 4 | netherlands_tv_input.json | time=21.4s | left=213.7s
Run 4 | singapore_pw.json | time=22.8s | left=205.1s
Run 4 | spain_iptv.json | time=24.5s | left=195.9s
Run 4 | toy.json | time=25.6s | left=179.5s
Run 4 | uk_iptv.json | time=28.2s | left=169.2s
Run 4 | uk_tv_input.json | time=28.2s | left=140.8s
Run 4 | usa_tv_input.json | time=32.3s | left=129.1s
Run 4 | us_iptv.json | time=38.6s | left=115.8s
Run 4 | youtube_gold.json | time=37.6s | left=75.1s
Run 4 | youtube_premium.json | time=37.0s | left=37.0s
Run 5 | australia_iptv.json | time=17.6s | left=300.0s
Run 5 | canada_pw.json | time=17.6s | left=282.3s
Run 5 | china_pw.json | time=17.6s | left=264.4s
Run 5 | croatia_tv_input.json | time=17.6s | left=246.4s
Run 5 | france_iptv.json | time=18.4s | left=239.1s
Run 5 | germany_tv_input.json | time=18.4s | left=220.6s
Run 5 | kosovo_tv_input.json | time=19.4s | left=213.1s
Run 5 | netherlands_tv_input.json | time=20.5s | left=205.3s
Run 5 | singapore_pw.json | time=21.9s | left=197.0s
Run 5 | spain_iptv.json | time=23.5s | left=187.9s
Run 5 | toy.json | time=25.5s | left=178.2s
Run 5 | uk_iptv.json | time=28.0s | left=168.0s
Run 5 | uk_tv_input.json | time=31.3s | left=156.6s
Run 5 | usa_tv_input.json | time=36.0s | left=144.0s
Run 5 | us_iptv.json | time=43.2s | left=129.5s
Run 5 | youtube_gold.json | time=54.9s | left=109.8s
Run 5 | youtube_premium.json | time=54.5s | left=54.5s
Run 6 | australia_iptv.json | time=17.6s | left=300.0s
Run 6 | canada_pw.json | time=17.7s | left=283.4s
Run 6 | china_pw.json | time=18.4s | left=276.1s
Run 6 | croatia_tv_input.json | time=18.9s | left=265.2s
Run 6 | france_iptv.json | time=19.8s | left=257.5s
Run 6 | germany_tv_input.json | time=19.8s | left=237.6s
Run 6 | kosovo_tv_input.json | time=20.9s | left=229.7s
Run 6 | netherlands_tv_input.json | time=22.1s | left=221.3s
Run 6 | singapore_pw.json | time=23.6s | left=212.3s
Run 6 | spain_iptv.json | time=25.3s | left=202.7s
Run 6 | toy.json | time=27.0s | left=189.1s
Run 6 | uk_iptv.json | time=29.7s | left=178.3s
Run 6 | uk_tv_input.json | time=33.2s | left=165.9s
Run 6 | usa_tv_input.json | time=38.2s | left=152.6s
Run 6 | us_iptv.json | time=45.6s | left=136.7s
Run 6 | youtube_gold.json | time=45.1s | left=90.3s
Run 6 | youtube_premium.json | time=43.3s | left=43.3s
Run 7 | australia_iptv.json | time=17.6s | left=300.0s
Run 7 | canada_pw.json | time=17.6s | left=282.2s
Run 7 | china_pw.json | time=17.6s | left=264.3s
Run 7 | croatia_tv_input.json | time=17.6s | left=247.1s
Run 7 | france_iptv.json | time=18.5s | left=239.9s
Run 7 | germany_tv_input.json | time=18.4s | left=221.4s
Run 7 | kosovo_tv_input.json | time=19.4s | left=213.9s
Run 7 | netherlands_tv_input.json | time=20.6s | left=206.1s
Run 7 | singapore_pw.json | time=22.0s | left=197.8s
Run 7 | spain_iptv.json | time=23.5s | left=188.4s
Run 7 | toy.json | time=25.2s | left=176.5s
Run 7 | uk_iptv.json | time=27.7s | left=166.4s
Run 7 | uk_tv_input.json | time=29.6s | left=147.9s
Run 7 | usa_tv_input.json | time=34.0s | left=135.9s
Run 7 | us_iptv.json | time=40.6s | left=121.9s
Run 7 | youtube_gold.json | time=48.1s | left=96.3s
Run 7 | youtube_premium.json | time=45.8s | left=45.8s
Run 8 | australia_iptv.json | time=17.6s | left=300.0s
Run 8 | canada_pw.json | time=17.6s | left=282.2s
Run 8 | china_pw.json | time=17.6s | left=264.4s
Run 8 | croatia_tv_input.json | time=18.1s | left=253.9s
Run 8 | france_iptv.json | time=19.0s | left=246.5s
Run 8 | germany_tv_input.json | time=19.0s | left=227.5s
Run 8 | kosovo_tv_input.json | time=20.0s | left=219.8s
Run 8 | netherlands_tv_input.json | time=21.2s | left=211.8s
Run 8 | singapore_pw.json | time=22.6s | left=203.1s
Run 8 | spain_iptv.json | time=24.0s | left=191.9s
Run 8 | toy.json | time=24.6s | left=172.5s
Run 8 | uk_iptv.json | time=27.1s | left=162.6s
Run 8 | uk_tv_input.json | time=28.3s | left=141.3s
Run 8 | usa_tv_input.json | time=32.5s | left=129.8s
Run 8 | us_iptv.json | time=38.5s | left=115.5s
Run 8 | youtube_gold.json | time=37.7s | left=75.4s
Run 8 | youtube_premium.json | time=37.2s | left=37.2s
Run 9 | australia_iptv.json | time=17.6s | left=300.0s
Run 9 | canada_pw.json | time=17.7s | left=283.8s
Run 9 | china_pw.json | time=17.8s | left=267.6s
Run 9 | croatia_tv_input.json | time=18.4s | left=257.2s
Run 9 | france_iptv.json | time=19.2s | left=249.8s
Run 9 | germany_tv_input.json | time=19.2s | left=230.5s
Run 9 | kosovo_tv_input.json | time=20.3s | left=222.8s
Run 9 | netherlands_tv_input.json | time=21.5s | left=214.7s
Run 9 | singapore_pw.json | time=22.9s | left=206.1s
Run 9 | spain_iptv.json | time=24.6s | left=196.8s
Run 9 | toy.json | time=26.7s | left=186.9s
Run 9 | uk_iptv.json | time=29.4s | left=176.2s
Run 9 | uk_tv_input.json | time=32.6s | left=163.0s
Run 9 | usa_tv_input.json | time=37.5s | left=149.9s
Run 9 | us_iptv.json | time=44.8s | left=134.4s
Run 9 | youtube_gold.json | time=57.7s | left=115.3s
Run 9 | youtube_premium.json | time=57.4s | left=57.4s
Run 10 | australia_iptv.json | time=17.6s | left=300.0s
Run 10 | canada_pw.json | time=17.6s | left=282.3s
Run 10 | china_pw.json | time=17.6s | left=264.4s
Run 10 | croatia_tv_input.json | time=17.6s | left=246.5s
Run 10 | france_iptv.json | time=18.4s | left=239.3s
Run 10 | germany_tv_input.json | time=18.4s | left=220.8s
Run 10 | kosovo_tv_input.json | time=19.4s | left=213.3s
Run 10 | netherlands_tv_input.json | time=20.6s | left=205.5s
Run 10 | singapore_pw.json | time=21.9s | left=197.2s
Run 10 | spain_iptv.json | time=23.5s | left=188.3s
Run 10 | toy.json | time=25.4s | left=177.7s
Run 10 | uk_iptv.json | time=27.9s | left=167.5s
Run 10 | uk_tv_input.json | time=30.6s | left=153.0s
Run 10 | usa_tv_input.json | time=35.2s | left=140.7s
Run 10 | us_iptv.json | time=42.1s | left=126.2s
Run 10 | youtube_gold.json | time=50.2s | left=100.4s
Run 10 | youtube_premium.json | time=49.1s | left=49.1s
Summary saved: C:\Users\perve\Desktop\Algoritmet-e-inspiruara-nga-natyra\AA_25-26-main\AA_25-26-main\data\output\genetic_algorithm\experiments\exp_same_equal_v2\summary.json
Run 1 | australia_iptv.json | time=17.6s | left=300.0s
Run 1 | canada_pw.json | time=18.3s | left=292.9s
Run 1 | china_pw.json | time=19.0s | left=285.4s
Run 1 | croatia_tv_input.json | time=19.8s | left=277.5s
Run 1 | france_iptv.json | time=20.7s | left=269.5s
Run 1 | germany_tv_input.json | time=20.7s | left=248.7s
Run 1 | kosovo_tv_input.json | time=21.9s | left=240.4s
Run 1 | netherlands_tv_input.json | time=23.2s | left=231.6s
Run 1 | singapore_pw.json | time=24.7s | left=222.2s
Run 1 | spain_iptv.json | time=26.5s | left=212.1s
Run 1 | toy.json | time=28.8s | left=201.3s
Run 1 | uk_iptv.json | time=31.6s | left=189.7s
Run 1 | uk_tv_input.json | time=35.4s | left=176.9s
Run 1 | usa_tv_input.json | time=40.7s | left=162.7s
Run 1 | us_iptv.json | time=48.5s | left=145.5s
Run 1 | youtube_gold.json | time=60.4s | left=120.8s
Run 1 | youtube_premium.json | time=75.4s | left=75.4s
Run 2 | australia_iptv.json | time=17.6s | left=300.0s
Run 2 | canada_pw.json | time=18.3s | left=292.8s
Run 2 | china_pw.json | time=19.0s | left=285.2s
Run 2 | croatia_tv_input.json | time=19.8s | left=277.4s
Run 2 | france_iptv.json | time=20.7s | left=269.4s
Run 2 | germany_tv_input.json | time=20.7s | left=248.6s
Run 2 | kosovo_tv_input.json | time=21.8s | left=240.2s
Run 2 | netherlands_tv_input.json | time=23.1s | left=231.5s
Run 2 | singapore_pw.json | time=24.7s | left=222.1s
Run 2 | spain_iptv.json | time=26.3s | left=210.8s
Run 2 | toy.json | time=28.6s | left=200.0s
Run 2 | uk_iptv.json | time=31.4s | left=188.6s
Run 2 | uk_tv_input.json | time=35.2s | left=175.8s
Run 2 | usa_tv_input.json | time=40.4s | left=161.7s
Run 2 | us_iptv.json | time=48.5s | left=145.4s
Run 2 | youtube_gold.json | time=60.0s | left=119.9s
Run 2 | youtube_premium.json | time=91.3s | left=91.3s
Run 3 | australia_iptv.json | time=17.6s | left=300.0s
Run 3 | canada_pw.json | time=18.3s | left=292.9s
Run 3 | china_pw.json | time=19.0s | left=285.5s
Run 3 | croatia_tv_input.json | time=19.8s | left=277.7s
Run 3 | france_iptv.json | time=20.7s | left=269.7s
Run 3 | germany_tv_input.json | time=20.7s | left=248.9s
Run 3 | kosovo_tv_input.json | time=21.9s | left=240.6s
Run 3 | netherlands_tv_input.json | time=23.2s | left=231.8s
Run 3 | singapore_pw.json | time=24.7s | left=222.4s
Run 3 | spain_iptv.json | time=26.5s | left=212.4s
Run 3 | toy.json | time=28.8s | left=201.6s
Run 3 | uk_iptv.json | time=31.7s | left=190.1s
Run 3 | uk_tv_input.json | time=35.4s | left=177.2s
Run 3 | usa_tv_input.json | time=40.7s | left=163.0s
Run 3 | us_iptv.json | time=48.6s | left=145.8s
Run 3 | youtube_gold.json | time=54.7s | left=109.3s
Run 3 | youtube_premium.json | time=77.9s | left=77.9s
Run 4 | australia_iptv.json | time=17.6s | left=300.0s
Run 4 | canada_pw.json | time=18.3s | left=292.8s
Run 4 | china_pw.json | time=19.0s | left=285.2s
Run 4 | croatia_tv_input.json | time=19.8s | left=277.2s
Run 4 | france_iptv.json | time=20.7s | left=269.2s
Run 4 | germany_tv_input.json | time=20.7s | left=248.5s
Run 4 | kosovo_tv_input.json | time=21.8s | left=240.2s
Run 4 | netherlands_tv_input.json | time=23.1s | left=231.4s
Run 4 | singapore_pw.json | time=24.7s | left=222.1s
Run 4 | spain_iptv.json | time=26.5s | left=212.1s
Run 4 | toy.json | time=28.8s | left=201.4s
Run 4 | uk_iptv.json | time=31.6s | left=189.9s
Run 4 | uk_tv_input.json | time=35.4s | left=177.2s
Run 4 | usa_tv_input.json | time=40.7s | left=162.9s
Run 4 | us_iptv.json | time=48.8s | left=146.5s
Run 4 | youtube_gold.json | time=62.1s | left=124.1s
Run 4 | youtube_premium.json | time=76.8s | left=76.8s
Run 5 | australia_iptv.json | time=17.6s | left=300.0s
Run 5 | canada_pw.json | time=18.3s | left=292.9s
Run 5 | china_pw.json | time=19.0s | left=285.5s
Run 5 | croatia_tv_input.json | time=19.8s | left=277.7s
Run 5 | france_iptv.json | time=20.8s | left=269.8s
Run 5 | germany_tv_input.json | time=20.7s | left=249.0s
Run 5 | kosovo_tv_input.json | time=21.9s | left=240.7s
Run 5 | netherlands_tv_input.json | time=23.2s | left=231.9s
Run 5 | singapore_pw.json | time=24.7s | left=222.6s
Run 5 | spain_iptv.json | time=26.6s | left=212.4s
Run 5 | toy.json | time=28.8s | left=201.3s
Run 5 | uk_iptv.json | time=31.6s | left=189.8s
Run 5 | uk_tv_input.json | time=35.4s | left=176.8s
Run 5 | usa_tv_input.json | time=40.7s | left=162.6s
Run 5 | us_iptv.json | time=48.6s | left=145.8s
Run 5 | youtube_gold.json | time=58.6s | left=117.2s
Run 5 | youtube_premium.json | time=74.1s | left=74.1s
Run 6 | australia_iptv.json | time=17.6s | left=300.0s
Run 6 | canada_pw.json | time=18.3s | left=292.8s
Run 6 | china_pw.json | time=19.0s | left=285.3s
Run 6 | croatia_tv_input.json | time=19.8s | left=277.3s
Run 6 | france_iptv.json | time=20.7s | left=269.2s
Run 6 | germany_tv_input.json | time=20.7s | left=248.5s
Run 6 | kosovo_tv_input.json | time=21.8s | left=240.1s
Run 6 | netherlands_tv_input.json | time=23.1s | left=231.2s
Run 6 | singapore_pw.json | time=24.6s | left=221.8s
Run 6 | spain_iptv.json | time=26.4s | left=211.5s
Run 6 | toy.json | time=28.6s | left=200.4s
Run 6 | uk_iptv.json | time=31.5s | left=188.9s
Run 6 | uk_tv_input.json | time=35.0s | left=175.1s
Run 6 | usa_tv_input.json | time=40.2s | left=160.9s
Run 6 | us_iptv.json | time=48.0s | left=144.0s
Run 6 | youtube_gold.json | time=47.4s | left=94.8s
Run 6 | youtube_premium.json | time=58.9s | left=58.9s
Run 7 | australia_iptv.json | time=17.6s | left=300.0s
Run 7 | canada_pw.json | time=18.3s | left=292.8s
Run 7 | china_pw.json | time=19.0s | left=285.2s
Run 7 | croatia_tv_input.json | time=19.8s | left=277.4s
Run 7 | france_iptv.json | time=20.7s | left=269.3s
Run 7 | germany_tv_input.json | time=20.7s | left=248.4s
Run 7 | kosovo_tv_input.json | time=21.8s | left=240.1s
Run 7 | netherlands_tv_input.json | time=23.1s | left=231.2s
Run 7 | singapore_pw.json | time=24.7s | left=221.9s
Run 7 | spain_iptv.json | time=26.3s | left=210.5s
Run 7 | toy.json | time=28.6s | left=199.9s
Run 7 | uk_iptv.json | time=31.4s | left=188.5s
Run 7 | uk_tv_input.json | time=35.1s | left=175.6s
Run 7 | usa_tv_input.json | time=40.3s | left=161.4s
Run 7 | us_iptv.json | time=48.4s | left=145.1s
Run 7 | youtube_gold.json | time=53.8s | left=107.5s
Run 7 | youtube_premium.json | time=84.6s | left=84.6s
Run 8 | australia_iptv.json | time=17.6s | left=300.0s
Run 8 | canada_pw.json | time=18.3s | left=292.8s
Run 8 | china_pw.json | time=19.0s | left=285.3s
Run 8 | croatia_tv_input.json | time=19.8s | left=277.2s
Run 8 | france_iptv.json | time=20.7s | left=269.2s
Run 8 | germany_tv_input.json | time=20.7s | left=248.4s
Run 8 | kosovo_tv_input.json | time=21.8s | left=240.0s
Run 8 | netherlands_tv_input.json | time=23.1s | left=231.3s
Run 8 | singapore_pw.json | time=24.7s | left=221.9s
Run 8 | spain_iptv.json | time=26.4s | left=210.8s
Run 8 | toy.json | time=28.5s | left=199.7s
Run 8 | uk_iptv.json | time=31.4s | left=188.2s
Run 8 | uk_tv_input.json | time=35.1s | left=175.3s
Run 8 | usa_tv_input.json | time=40.3s | left=161.1s
Run 8 | us_iptv.json | time=48.1s | left=144.3s
Run 8 | youtube_gold.json | time=47.5s | left=95.1s
Run 8 | youtube_premium.json | time=47.1s | left=47.1s
Run 9 | australia_iptv.json | time=17.6s | left=300.0s
Run 9 | canada_pw.json | time=18.3s | left=292.8s
Run 9 | china_pw.json | time=19.0s | left=285.3s
Run 9 | croatia_tv_input.json | time=19.8s | left=277.4s
Run 9 | france_iptv.json | time=20.7s | left=269.4s
Run 9 | germany_tv_input.json | time=20.7s | left=248.6s
Run 9 | kosovo_tv_input.json | time=21.8s | left=240.3s
Run 9 | netherlands_tv_input.json | time=23.1s | left=231.4s
Run 9 | singapore_pw.json | time=24.7s | left=222.1s
Run 9 | spain_iptv.json | time=26.5s | left=212.1s
Run 9 | toy.json | time=28.8s | left=201.4s
Run 9 | uk_iptv.json | time=31.6s | left=189.8s
Run 9 | uk_tv_input.json | time=35.4s | left=177.0s
Run 9 | usa_tv_input.json | time=40.7s | left=162.8s
Run 9 | us_iptv.json | time=48.5s | left=145.6s
Run 9 | youtube_gold.json | time=55.5s | left=111.1s
Run 9 | youtube_premium.json | time=72.9s | left=72.9s
Run 10 | australia_iptv.json | time=17.6s | left=300.0s
Run 10 | canada_pw.json | time=18.3s | left=292.8s
Run 10 | china_pw.json | time=19.0s | left=285.3s
Run 10 | croatia_tv_input.json | time=19.8s | left=277.5s
Run 10 | france_iptv.json | time=20.7s | left=269.5s
Run 10 | germany_tv_input.json | time=20.7s | left=248.7s
Run 10 | kosovo_tv_input.json | time=21.9s | left=240.4s
Run 10 | netherlands_tv_input.json | time=23.2s | left=231.6s
Run 10 | singapore_pw.json | time=24.7s | left=222.2s
Run 10 | spain_iptv.json | time=26.5s | left=212.2s
Run 10 | toy.json | time=28.8s | left=201.4s
Run 10 | uk_iptv.json | time=31.6s | left=189.9s
Run 10 | uk_tv_input.json | time=35.4s | left=177.0s
Run 10 | usa_tv_input.json | time=40.7s | left=162.8s
Run 10 | us_iptv.json | time=48.7s | left=146.0s
Run 10 | youtube_gold.json | time=50.8s | left=101.6s
Run 10 | youtube_premium.json | time=52.1s | left=52.1s
Summary saved: C:\Users\perve\Desktop\Algoritmet-e-inspiruara-nga-natyra\AA_25-26-main\AA_25-26-main\data\output\genetic_algorithm\experiments\exp_tuned_equal_v2\summary.json
Run 1 | australia_iptv.json | time=17.6s | left=300.0s
Run 1 | canada_pw.json | time=18.3s | left=292.9s
Run 1 | china_pw.json | time=19.0s | left=285.3s
Run 1 | croatia_tv_input.json | time=19.8s | left=277.4s
Run 1 | france_iptv.json | time=20.7s | left=269.4s
Run 1 | germany_tv_input.json | time=20.7s | left=248.6s
Run 1 | kosovo_tv_input.json | time=21.8s | left=240.2s
Run 1 | netherlands_tv_input.json | time=23.1s | left=231.3s
Run 1 | singapore_pw.json | time=24.7s | left=221.9s
Run 1 | spain_iptv.json | time=26.3s | left=210.3s
Run 1 | toy.json | time=28.5s | left=199.8s
Run 1 | uk_iptv.json | time=31.4s | left=188.3s
Run 1 | uk_tv_input.json | time=35.1s | left=175.5s
Run 1 | usa_tv_input.json | time=40.3s | left=161.3s
Run 1 | us_iptv.json | time=48.1s | left=144.4s
Run 1 | youtube_gold.json | time=58.1s | left=116.2s
Run 1 | youtube_premium.json | time=90.0s | left=90.0s
Run 2 | australia_iptv.json | time=17.6s | left=300.0s
Run 2 | canada_pw.json | time=18.3s | left=292.9s
Run 2 | china_pw.json | time=19.0s | left=285.5s
Run 2 | croatia_tv_input.json | time=19.8s | left=277.7s
Run 2 | france_iptv.json | time=20.8s | left=269.8s
Run 2 | germany_tv_input.json | time=20.8s | left=249.9s
Run 2 | kosovo_tv_input.json | time=22.0s | left=241.5s
Run 2 | netherlands_tv_input.json | time=23.3s | left=232.7s
Run 2 | singapore_pw.json | time=24.8s | left=223.3s
Run 2 | spain_iptv.json | time=26.7s | left=213.3s
Run 2 | toy.json | time=28.9s | left=202.6s
Run 2 | uk_iptv.json | time=31.8s | left=191.0s
Run 2 | uk_tv_input.json | time=35.6s | left=178.0s
Run 2 | usa_tv_input.json | time=40.9s | left=163.7s
Run 2 | us_iptv.json | time=49.0s | left=147.1s
Run 2 | youtube_gold.json | time=63.1s | left=126.3s
Run 2 | youtube_premium.json | time=100.7s | left=100.7s
Run 3 | australia_iptv.json | time=17.6s | left=300.0s
Run 3 | canada_pw.json | time=18.3s | left=292.8s
Run 3 | china_pw.json | time=19.0s | left=285.4s
Run 3 | croatia_tv_input.json | time=19.8s | left=277.5s
Run 3 | france_iptv.json | time=20.7s | left=269.4s
Run 3 | germany_tv_input.json | time=20.7s | left=248.6s
Run 3 | kosovo_tv_input.json | time=21.8s | left=240.3s
Run 3 | netherlands_tv_input.json | time=23.2s | left=231.5s
Run 3 | singapore_pw.json | time=24.7s | left=222.2s
Run 3 | spain_iptv.json | time=26.4s | left=211.2s
Run 3 | toy.json | time=28.6s | left=199.9s
Run 3 | uk_iptv.json | time=31.4s | left=188.5s
Run 3 | uk_tv_input.json | time=35.1s | left=175.7s
Run 3 | usa_tv_input.json | time=40.4s | left=161.5s
Run 3 | us_iptv.json | time=48.3s | left=145.0s
Run 3 | youtube_gold.json | time=51.1s | left=102.3s
Run 3 | youtube_premium.json | time=51.4s | left=51.4s
Run 4 | australia_iptv.json | time=17.6s | left=300.0s
Run 4 | canada_pw.json | time=18.3s | left=292.8s
Run 4 | china_pw.json | time=19.0s | left=285.2s
Run 4 | croatia_tv_input.json | time=19.8s | left=277.3s
Run 4 | france_iptv.json | time=20.7s | left=269.2s
Run 4 | germany_tv_input.json | time=20.7s | left=248.4s
Run 4 | kosovo_tv_input.json | time=21.8s | left=240.1s
Run 4 | netherlands_tv_input.json | time=23.1s | left=231.3s
Run 4 | singapore_pw.json | time=24.7s | left=222.0s
Run 4 | spain_iptv.json | time=26.5s | left=211.7s
Run 4 | toy.json | time=28.7s | left=201.0s
Run 4 | uk_iptv.json | time=31.6s | left=189.5s
Run 4 | uk_tv_input.json | time=35.3s | left=176.7s
Run 4 | usa_tv_input.json | time=40.6s | left=162.6s
Run 4 | us_iptv.json | time=48.4s | left=145.3s
Run 4 | youtube_gold.json | time=52.3s | left=104.6s
Run 4 | youtube_premium.json | time=79.1s | left=79.1s
Run 5 | australia_iptv.json | time=17.6s | left=300.0s
Run 5 | canada_pw.json | time=18.3s | left=292.9s
Run 5 | china_pw.json | time=19.0s | left=285.4s
Run 5 | croatia_tv_input.json | time=19.8s | left=277.4s
Run 5 | france_iptv.json | time=20.7s | left=269.4s
Run 5 | germany_tv_input.json | time=20.7s | left=248.6s
Run 5 | kosovo_tv_input.json | time=21.8s | left=240.2s
Run 5 | netherlands_tv_input.json | time=23.1s | left=231.3s
Run 5 | singapore_pw.json | time=24.7s | left=221.9s
Run 5 | spain_iptv.json | time=26.5s | left=211.7s
Run 5 | toy.json | time=28.7s | left=201.0s
Run 5 | uk_iptv.json | time=31.6s | left=189.5s
Run 5 | uk_tv_input.json | time=35.3s | left=176.6s
Run 5 | usa_tv_input.json | time=40.6s | left=162.3s
Run 5 | us_iptv.json | time=48.4s | left=145.1s
Run 5 | youtube_gold.json | time=57.2s | left=114.4s
Run 5 | youtube_premium.json | time=66.5s | left=66.5s
Run 6 | australia_iptv.json | time=17.6s | left=300.0s
Run 6 | canada_pw.json | time=18.3s | left=292.8s
Run 6 | china_pw.json | time=19.0s | left=285.4s
Run 6 | croatia_tv_input.json | time=19.8s | left=277.4s
Run 6 | france_iptv.json | time=20.7s | left=269.4s
Run 6 | germany_tv_input.json | time=20.7s | left=248.6s
Run 6 | kosovo_tv_input.json | time=21.8s | left=240.2s
Run 6 | netherlands_tv_input.json | time=23.1s | left=231.4s
Run 6 | singapore_pw.json | time=24.7s | left=222.0s
Run 6 | spain_iptv.json | time=26.5s | left=211.8s
Run 6 | toy.json | time=28.7s | left=200.9s
Run 6 | uk_iptv.json | time=31.6s | left=189.4s
Run 6 | uk_tv_input.json | time=35.2s | left=175.8s
Run 6 | usa_tv_input.json | time=40.4s | left=161.6s
Run 6 | us_iptv.json | time=48.1s | left=144.4s
Run 6 | youtube_gold.json | time=47.5s | left=94.9s
Run 6 | youtube_premium.json | time=62.0s | left=62.0s
Run 7 | australia_iptv.json | time=17.6s | left=300.0s
Run 7 | canada_pw.json | time=18.3s | left=292.8s
Run 7 | china_pw.json | time=19.0s | left=285.3s
Run 7 | croatia_tv_input.json | time=19.8s | left=277.4s
Run 7 | france_iptv.json | time=20.7s | left=269.4s
Run 7 | germany_tv_input.json | time=20.7s | left=248.6s
Run 7 | kosovo_tv_input.json | time=21.8s | left=240.3s
Run 7 | netherlands_tv_input.json | time=23.1s | left=231.5s
Run 7 | singapore_pw.json | time=24.7s | left=222.2s
Run 7 | spain_iptv.json | time=26.4s | left=211.3s
Run 7 | toy.json | time=28.7s | left=200.7s
Run 7 | uk_iptv.json | time=31.5s | left=189.2s
Run 7 | uk_tv_input.json | time=35.3s | left=176.4s
Run 7 | usa_tv_input.json | time=40.5s | left=162.1s
Run 7 | us_iptv.json | time=48.3s | left=145.0s
Run 7 | youtube_gold.json | time=54.5s | left=109.1s
Run 7 | youtube_premium.json | time=54.0s | left=54.0s
Run 8 | australia_iptv.json | time=17.6s | left=300.0s
Run 8 | canada_pw.json | time=18.3s | left=292.8s
Run 8 | china_pw.json | time=19.0s | left=285.3s
Run 8 | croatia_tv_input.json | time=19.8s | left=277.4s
Run 8 | france_iptv.json | time=20.7s | left=269.4s
Run 8 | germany_tv_input.json | time=20.7s | left=248.6s
Run 8 | kosovo_tv_input.json | time=21.8s | left=240.2s
Run 8 | netherlands_tv_input.json | time=23.1s | left=231.3s
Run 8 | singapore_pw.json | time=24.7s | left=222.0s
Run 8 | spain_iptv.json | time=26.3s | left=210.6s
Run 8 | toy.json | time=28.4s | left=198.8s
Run 8 | uk_iptv.json | time=31.2s | left=187.4s
Run 8 | uk_tv_input.json | time=34.9s | left=174.7s
Run 8 | usa_tv_input.json | time=40.2s | left=160.6s
Run 8 | us_iptv.json | time=47.9s | left=143.6s
Run 8 | youtube_gold.json | time=47.3s | left=94.5s
Run 8 | youtube_premium.json | time=46.7s | left=46.7s
Run 9 | australia_iptv.json | time=17.6s | left=300.0s
Run 9 | canada_pw.json | time=18.3s | left=292.9s
Run 9 | china_pw.json | time=19.0s | left=285.4s
Run 9 | croatia_tv_input.json | time=19.8s | left=277.5s
Run 9 | france_iptv.json | time=20.7s | left=269.5s
Run 9 | germany_tv_input.json | time=20.7s | left=248.7s
Run 9 | kosovo_tv_input.json | time=21.9s | left=240.4s
Run 9 | netherlands_tv_input.json | time=23.2s | left=231.6s
Run 9 | singapore_pw.json | time=24.7s | left=222.2s
Run 9 | spain_iptv.json | time=26.5s | left=212.0s
Run 9 | toy.json | time=28.8s | left=201.3s
Run 9 | uk_iptv.json | time=31.6s | left=189.8s
Run 9 | uk_tv_input.json | time=35.2s | left=175.9s
Run 9 | usa_tv_input.json | time=40.4s | left=161.7s
Run 9 | us_iptv.json | time=48.4s | left=145.2s
Run 9 | youtube_gold.json | time=53.3s | left=106.6s
Run 9 | youtube_premium.json | time=82.9s | left=82.9s
Run 10 | australia_iptv.json | time=17.6s | left=300.0s
Run 10 | canada_pw.json | time=18.3s | left=292.8s
Run 10 | china_pw.json | time=19.0s | left=285.3s
Run 10 | croatia_tv_input.json | time=19.8s | left=277.4s
Run 10 | france_iptv.json | time=20.7s | left=269.4s
Run 10 | germany_tv_input.json | time=20.7s | left=248.6s
Run 10 | kosovo_tv_input.json | time=21.8s | left=240.3s
Run 10 | netherlands_tv_input.json | time=23.1s | left=231.5s
Run 10 | singapore_pw.json | time=24.7s | left=222.1s
Run 10 | spain_iptv.json | time=26.5s | left=212.1s
Run 10 | toy.json | time=28.8s | left=201.4s
Run 10 | uk_iptv.json | time=31.6s | left=189.9s
Run 10 | uk_tv_input.json | time=35.4s | left=176.8s
Run 10 | usa_tv_input.json | time=40.7s | left=162.6s
Run 10 | us_iptv.json | time=48.7s | left=146.1s
Run 10 | youtube_gold.json | time=48.5s | left=97.1s
Run 10 | youtube_premium.json | time=48.2s | left=48.2s
Summary saved: C:\Users\perve\Desktop\Algoritmet-e-inspiruara-nga-natyra\AA_25-26-main\AA_25-26-main\data\output\genetic_algorithm\experiments\exp_tuned_equal_mutboost_v2\summary.json

============================================================
[AUTO-GA] Starting: exp_same_equal_v2
Command: C:\Users\perve\AppData\Local\Programs\Python\Python313\python.exe C:\Users\perve\Desktop\Algoritmet-e-inspiruara-nga-natyra\AA_25-26-main\AA_25-26-main\ga_experiment.py --runs 10 --total-time 300.0 --time-buffer 0 --population-size 50 --mutation-rate 0.30 --experiment-name exp_same_equal_v2 --profile single --time-profile equal
============================================================

============================================================
[AUTO-GA] Starting: exp_tuned_equal_v2
Command: C:\Users\perve\AppData\Local\Programs\Python\Python313\python.exe C:\Users\perve\Desktop\Algoritmet-e-inspiruara-nga-natyra\AA_25-26-main\AA_25-26-main\ga_experiment.py --runs 10 --total-time 300.0 --time-buffer 0 --population-size 50 --mutation-rate 0.30 --experiment-name exp_tuned_equal_v2 --profile tuned --time-profile equal
============================================================

============================================================
[AUTO-GA] Starting: exp_tuned_equal_mutboost_v2
Command: C:\Users\perve\AppData\Local\Programs\Python\Python313\python.exe C:\Users\perve\Desktop\Algoritmet-e-inspiruara-nga-natyra\AA_25-26-main\AA_25-26-main\ga_experiment.py --runs 10 --total-time 300.0 --time-buffer 0 --population-size 50 --mutation-rate 0.30 --experiment-name exp_tuned_equal_mutboost_v2 --profile tuned --time-profile equal
============================================================

[AUTO-GA] Done. Total experiment runs: 30
[AUTO-GA] Worst-case time estimate: 42.50 hours
